C:\Users\Mathias\Desktop\ISD\Kode\Sleep\CMSIS/core_cm0plus.h:745:22:NVIC_EnableIRQ	16	static
C:\Users\Mathias\Desktop\ISD\Kode\Sleep\CMSIS/core_cm0plus.h:791:22:NVIC_ClearPendingIRQ	16	static
C:\Users\Mathias\Desktop\ISD\Kode\Sleep\CMSIS/core_cm0plus.h:804:22:NVIC_SetPriority	24	static
../source/Sleep.c:67:5:wakeup	16	static
../source/Sleep.c:100:6:LLWU_IRQHandler	8	static
../source/Sleep.c:126:6:ADC0_IRQHandler	8	static
../source/Sleep.c:153:5:main	32	static
../source/Sleep.c:224:6:initsleep	16	static
../source/Sleep.c:257:6:initdebug	8	static
../source/Sleep.c:268:6:deepsleep	8	static
